
> rico-iot-integrated@1.0.0 dev
> vite --host 0.0.0.0

Port 5173 is in use, trying another one...

  [32m[1mVITE[22m v5.4.21[39m  [2mready in [0m[1m660[22m[2m[0m ms[22m

  [32m➜[39m  [1mLocal[22m:   [36mhttp://localhost:[1m5174[22m/[39m
  [32m➜[39m  [1mNetwork[22m: [36mhttp://172.16.10.71:[1m5174[22m/[39m
[2m4:26:20 PM[22m [36m[1m[vite][22m[39m [32m.env changed, restarting server...[39m
[2m4:26:21 PM[22m [36m[1m[vite][22m[39m server restarted.
[2m4:26:28 PM[22m [36m[1m[vite][22m[39m [32m.env changed, restarting server...[39m
[2m4:26:29 PM[22m [36m[1m[vite][22m[39m server restarted.
[2m4:26:56 PM[22m [36m[1m[vite][22m[39m [32m.env changed, restarting server...[39m
[2m4:26:56 PM[22m [36m[1m[vite][22m[39m server restarted.
[2m5:13:03 PM[22m [36m[1m[vite][22m[39m [32mvite.config.js changed, restarting server...[39m
[2m5:13:04 PM[22m [36m[1m[vite][22m[39m [32mvite.config.js changed, restarting server...[39m
[2m5:13:05 PM[22m [36m[1m[vite][22m[39m [32mvite.config.js changed, restarting server...[39m
[2m5:13:09 PM[22m [36m[1m[vite][22m[39m [32mvite.config.js changed, restarting server...[39m
[2m5:13:13 PM[22m [36m[1m[vite][22m[39m [32mvite.config.js changed, restarting server...[39m
[2m5:13:19 PM[22m [36m[1m[vite][22m[39m [32mvite.config.js changed, restarting server...[39m
[2m5:13:19 PM[22m [36m[1m[vite][22m[39m server restarted.

  [32m➜[39m  [1mLocal[22m:   [36mhttp://localhost:[1m5174[22m/[39m
  [32m➜[39m  [1mNetwork[22m: [36mhttp://172.16.10.71:[1m5174[22m/[39m
  [32m➜[39m  [1mNetwork[22m: [36mhttp://192.168.254.10:[1m5174[22m/[39m
[2m5:13:31 PM[22m [36m[1m[vite][22m[39m [32mvite.config.js changed, restarting server...[39m
[2m5:13:34 PM[22m [36m[1m[vite][22m[39m [32mvite.config.js changed, restarting server...[39m
[2m5:13:34 PM[22m [36m[1m[vite][22m[39m server restarted.

  [32m➜[39m  [1mLocal[22m:   [36mhttp://localhost:[1m3000[22m/[39m
  [32m➜[39m  [1mNetwork[22m: [36mhttp://172.16.10.71:[1m3000[22m/[39m
  [32m➜[39m  [1mNetwork[22m: [36mhttp://192.168.254.10:[1m3000[22m/[39m
[2m5:13:40 PM[22m [36m[1m[vite][22m[39m [32mvite.config.js changed, restarting server...[39m
[2m5:13:40 PM[22m [36m[1m[vite][22m[39m server restarted.

  [32m➜[39m  [1mLocal[22m:   [36mhttp://localhost:[1m51[22m/[39m
  [32m➜[39m  [1mNetwork[22m: [36mhttp://172.16.10.71:[1m51[22m/[39m
  [32m➜[39m  [1mNetwork[22m: [36mhttp://192.168.254.10:[1m51[22m/[39m
[2m5:13:41 PM[22m [36m[1m[vite][22m[39m [32mvite.config.js changed, restarting server...[39m
[2m5:13:42 PM[22m [36m[1m[vite][22m[39m server restarted.

  [32m➜[39m  [1mLocal[22m:   [36mhttp://localhost:[1m5173[22m/[39m
  [32m➜[39m  [1mNetwork[22m: [36mhttp://172.16.10.71:[1m5173[22m/[39m
  [32m➜[39m  [1mNetwork[22m: [36mhttp://192.168.254.10:[1m5173[22m/[39m
[2m5:16:16 PM[22m [36m[1m[vite][22m[39m [32mvite.config.js changed, restarting server...[39m
[2m5:16:18 PM[22m [36m[1m[vite][22m[39m [32mvite.config.js changed, restarting server...[39m
[2m5:16:19 PM[22m [36m[1m[vite][22m[39m server restarted.
[2m5:17:29 PM[22m [36m[1m[vite][22m[39m [32mvite.config.js changed, restarting server...[39m
[2m5:17:29 PM[22m [36m[1m[vite][22m[39m server restarted.
[2m5:17:38 PM[22m [36m[1m[vite][22m[39m [32m.env changed, restarting server...[39m
[2m5:17:38 PM[22m [36m[1m[vite][22m[39m server restarted.
